// Jest Snapshot v1, https://goo.gl/fbAQLP

exports[`test signup form test if form mounts 1`] = `ShallowWrapper {}`;
